15:15:25.067 [main                     ] DEBUG Logger               - Configured Logger
15:15:25.072 [main                     ] DEBUG GameApplication      - Logging settings
Title: GameByte
Version: 0.0
Width: 1920
Height: 1080
Fullscreen: false
Intro: false
Profiling: false
Single step:false
App Mode: DEVELOPER
Menu Key: ESCAPE
Stage Style: DECORATED
Scene Factory: class com.almasb.fxgl.app.scene.SceneFactory

15:15:25.562 [JavaFX Application Thread] DEBUG FXGLApplication      - Initializing FXGL
15:15:25.566 [JavaFX Application Thread] INFO  Engine               - FXGL-21.1 (27.03.2024 07.52) on WINDOWS (J:24.0.1 FX:21.0.1)
15:15:25.566 [JavaFX Application Thread] DEBUG Engine               - JRE Vendor Name: Oracle Corporation
15:15:25.566 [JavaFX Application Thread] DEBUG Engine               - Running on OS: Windows 10 version 10.0
15:15:25.566 [JavaFX Application Thread] DEBUG Engine               - Architecture: amd64
15:15:25.566 [JavaFX Application Thread] INFO  Engine               - Source code and latest versions at: https://github.com/AlmasB/FXGL
15:15:25.566 [JavaFX Application Thread] INFO  Engine               -       Ask questions and discuss at: https://github.com/AlmasB/FXGL/discussions
15:15:25.566 [JavaFX Application Thread] INFO  Engine               -              Join the FXGL chat at: https://gitter.im/AlmasB/FXGL
15:15:25.837 [JavaFX Application Thread] DEBUG PrimaryStageWindow   - Creating a JavaFX scene
15:15:25.837 [JavaFX Application Thread] DEBUG PrimaryStageWindow   - Target size > screen size
15:15:25.942 [JavaFX Application Thread] DEBUG PrimaryStageWindow   - Target settings size: 1920.0 x 1080.0
15:15:25.942 [JavaFX Application Thread] DEBUG PrimaryStageWindow   - Scaled scene size:    1823.0 x 1039.0
15:15:25.942 [JavaFX Application Thread] DEBUG PrimaryStageWindow   - Scaled ratio: (0.9494791666666667, 0.962037037037037)
15:15:25.944 [JavaFX Application Thread] DEBUG PrimaryStageWindow   - Set initial scene to FXGLStartupScene
15:15:25.948 [JavaFX Application Thread] DEBUG PrimaryStageWindow   - Opening main window
15:15:26.053 [JavaFX Application Thread] DEBUG PrimaryStageWindow   - Window border size: (16.0, 39.0)
15:15:26.053 [JavaFX Application Thread] DEBUG PrimaryStageWindow   - Scaled size: 1823.0 x 1039.0
15:15:26.053 [JavaFX Application Thread] DEBUG PrimaryStageWindow   - Scaled ratio: (0.9494791666666667, 0.962037037037037)
15:15:26.053 [JavaFX Application Thread] DEBUG PrimaryStageWindow   - Scene size: 1823.0 x 1039.0
15:15:26.053 [JavaFX Application Thread] DEBUG PrimaryStageWindow   - Stage size: 1839.0 x 1078.0
15:15:26.062 [FXGL Background Thread 1 ] DEBUG Engine               - Initializing environment variables
15:15:26.126 [FXGL Background Thread 1 ] DEBUG FXGLAssetLoaderServi - User app class for loading assets: class GameByteApp
15:15:26.126 [FXGL Background Thread 1 ] DEBUG GameApplicationServi - Applying CSS: fxgl_dark.css
15:15:26.128 [FXGL Background Thread 1 ] DEBUG FXGLAssetLoaderServi - Loading from file system: jar:file:/C:/Users/cc1501/.m2/repository/com/github/almasb/fxgl/21.1/fxgl-21.1.jar!/fxglassets/ui/css/fxgl_dark.css
15:15:26.180 [FXGL Background Thread 1 ] DEBUG GameApplicationServi - Initializing application scenes
15:15:26.236 [FXGL Background Thread 1 ] DEBUG GameWorld            - Game world initialized
15:15:26.317 [FXGL Background Thread 1 ] DEBUG PhysicsWorld         - Physics world initialized: appHeight=1080, physics.ppm=50.0
15:15:26.317 [FXGL Background Thread 1 ] DEBUG PhysicsWorld         - Using strategy: BRUTE_FORCE
15:15:26.321 [FXGL Background Thread 1 ] DEBUG GameScene            - Game scene initialized: 1920x1080
15:15:26.338 [FXGL Background Thread 1 ] DEBUG FXGL.DefaultMenu     - createMenuBodyGameMenu()
15:15:26.374 [FXGL Background Thread 1 ] DEBUG FXGL.DefaultMenu     - createOptionsMenu()
15:15:26.393 [FXGL Background Thread 1 ] DEBUG FXGLAssetLoaderServi - Loading from file system: jar:file:/C:/Users/cc1501/.m2/repository/com/github/almasb/fxgl/21.1/fxgl-21.1.jar!/fxglassets/textures/particles/smoke.png
15:15:26.499 [FXGL Background Thread 1 ] DEBUG FXGLAssetLoaderServi - Loading from file system: jar:file:/C:/Users/cc1501/.m2/repository/com/github/almasb/fxgl/21.1/fxgl-21.1.jar!/fxglassets/textures/particles/trace_horizontal.png
15:15:26.516 [FXGL Background Thread 1 ] DEBUG GameApplicationServi - Application scenes initialized
15:15:26.536 [FXGL Background Thread 1 ] DEBUG SystemBundleService  - Loading FXGL system data
15:15:26.549 [FXGL Background Thread 1 ] DEBUG FileSystemAccess     - Reading from: M:\GameByte Novel Compression Solution\system\fxgl.bundle
15:15:26.554 [FXGL Background Thread 1 ] DEBUG SystemBundleService  - Bundle FXGL: {}
15:15:26.554 [FXGL Background Thread 1 ] DEBUG UpdaterService       - Checking for updates
15:15:26.558 [FXGL Background Thread 4 ] DEBUG FXGLApplication      - Loading fonts
15:15:26.559 [FXGL Background Thread 4 ] DEBUG FXGLAssetLoaderServi - Loading from file system: jar:file:/C:/Users/cc1501/.m2/repository/com/github/almasb/fxgl/21.1/fxgl-21.1.jar!/fxglassets/ui/fonts/VarelaRound-Regular.ttf
15:15:26.560 [FXGL Background Thread 1 ] DEBUG FXGLApplication      - Loading default localization
15:15:26.561 [FXGL Background Thread 1 ] DEBUG FXGLAssetLoaderServi - Loading from file system: jar:file:/C:/Users/cc1501/.m2/repository/com/github/almasb/fxgl/21.1/fxgl-21.1.jar!/fxglassets/languages/english.lang
15:15:26.584 [FXGL Background Thread 4 ] DEBUG FXGLAssetLoaderServi - Loading from file system: jar:file:/C:/Users/cc1501/.m2/repository/com/github/almasb/fxgl/21.1/fxgl-21.1.jar!/fxglassets/ui/fonts/Abel-Regular.ttf
15:15:26.586 [FXGL Background Thread 1 ] INFO  FXGLApplication      - FXGL initialization took: 0.524 sec
15:15:26.588 [JavaFX Application Thread] DEBUG FXGLAssetLoaderServi - Loading from file system: jar:file:/C:/Users/cc1501/.m2/repository/com/github/almasb/fxgl/21.1/fxgl-21.1.jar!/fxglassets/textures/fxgl_icon.png
15:15:26.593 [FXGL Background Thread 4 ] DEBUG FXGLAssetLoaderServi - Loading from file system: jar:file:/C:/Users/cc1501/.m2/repository/com/github/almasb/fxgl/21.1/fxgl-21.1.jar!/fxglassets/ui/fonts/TerminalLandMono-Regular.otf
15:15:26.600 [FXGL Background Thread 4 ] DEBUG FXGLAssetLoaderServi - Loading from file system: jar:file:/C:/Users/cc1501/.m2/repository/com/github/almasb/fxgl/21.1/fxgl-21.1.jar!/fxglassets/ui/fonts/Courier-Prime.ttf
15:15:26.608 [JavaFX Application Thread] DEBUG FXGLAssetLoaderServi - Loading from file system: jar:file:/C:/Users/cc1501/.m2/repository/com/github/almasb/fxgl/21.1/fxgl-21.1.jar!/fxglassets/textures/fxgl_default_cursor.png
15:15:26.623 [JavaFX Application Thread] DEBUG Input                - Registered new binding: Screenshot - CTRL+8
15:15:26.624 [JavaFX Application Thread] DEBUG Input                - Registered new binding: System info dump - CTRL+9
15:15:26.625 [JavaFX Application Thread] DEBUG Input                - Registered new binding: Restart - CTRL+R
15:15:26.626 [JavaFX Application Thread] DEBUG Input                - Registered new binding: Toggle Debug Camera - CTRL+7
15:15:26.630 [JavaFX Application Thread] DEBUG LoopRunner           - Starting loop
15:15:26.630 [JavaFX Application Thread] DEBUG LoopRunner           - Initializing JavaFX AnimationTimerLoop
15:15:26.633 [JavaFX Application Thread] DEBUG GameApplicationServi - Starting new game
15:15:26.634 [JavaFX Application Thread] DEBUG Input                - Clearing active input actions
15:15:26.645 [JavaFX Application Thread] DEBUG GameApplicationServi - Removing overlay from FXGLStartupScene and adding to FXGLLoadingScene
15:15:26.646 [JavaFX Application Thread] DEBUG PrimaryStageWindow   - FXGLStartupScene -> FXGLLoadingScene
15:15:26.646 [JavaFX Application Thread] DEBUG GameApplicationServi - Clearing previous game
15:15:26.646 [JavaFX Application Thread] DEBUG GameScene            - Clearing game scene
15:15:26.646 [JavaFX Application Thread] DEBUG GameWorld            - Clearing game world
15:15:26.646 [JavaFX Application Thread] DEBUG PhysicsWorld         - Clearing physics world
15:15:26.648 [FXGL Background Thread 4 ] DEBUG FXGLApplication      - Initializing game
15:15:26.648 [JavaFX Application Thread] DEBUG FXGLApplication      - Registering font factories with UI factory
15:15:26.810 [FXGL Background Thread 4 ] INFO  FXGLApplication      - Game initialization took: 0.162 sec
15:15:26.836 [JavaFX Application Thread] DEBUG Input                - Clearing active input actions
15:15:26.854 [JavaFX Application Thread] DEBUG GameApplicationServi - Removing overlay from FXGLLoadingScene and adding to GameScene
15:15:26.854 [JavaFX Application Thread] DEBUG PrimaryStageWindow   - FXGLLoadingScene -> GameScene
15:15:29.556 [FXGL Background Thread 3 ] DEBUG Engine               - Logging environment variables
15:15:29.556 [FXGL Background Thread 3 ] DEBUG Engine               - achievements: []
15:15:29.556 [FXGL Background Thread 3 ] DEBUG Engine               - actualHeight: 1039.0
15:15:29.556 [FXGL Background Thread 3 ] DEBUG Engine               - actualHeightProperty: ReadOnlyDoubleProperty [value: 1041.0]
15:15:29.556 [FXGL Background Thread 3 ] DEBUG Engine               - actualWidth: 1823.0
15:15:29.556 [FXGL Background Thread 3 ] DEBUG Engine               - actualWidthProperty: ReadOnlyDoubleProperty [value: 1904.0]
15:15:29.556 [FXGL Background Thread 3 ] DEBUG Engine               - appIcon: fxgl_icon.png
15:15:29.556 [FXGL Background Thread 3 ] DEBUG Engine               - applicationMode: DEVELOPER
15:15:29.556 [FXGL Background Thread 3 ] DEBUG Engine               - cSSList: [fxgl_dark.css]
15:15:29.556 [FXGL Background Thread 3 ] DEBUG Engine               - collisionDetectionStrategy: BRUTE_FORCE
15:15:29.556 [FXGL Background Thread 3 ] DEBUG Engine               - configClass: Optional.empty
15:15:29.556 [FXGL Background Thread 3 ] DEBUG Engine               - credits: []
15:15:29.556 [FXGL Background Thread 3 ] DEBUG Engine               - defaultCursor: CursorInfo(imageName=fxgl_default_cursor.png, hotspotX=7.0, hotspotY=6.0)
15:15:29.557 [FXGL Background Thread 3 ] DEBUG Engine               - devBBoxColorProperty: ObjectProperty [value: 0xff0000ff]
15:15:29.557 [FXGL Background Thread 3 ] DEBUG Engine               - devEnableDebugCameraProperty: BooleanProperty [value: false]
15:15:29.557 [FXGL Background Thread 3 ] DEBUG Engine               - devSensorColorProperty: ObjectProperty [value: 0xffff00ff]
15:15:29.557 [FXGL Background Thread 3 ] DEBUG Engine               - devShowBBoxProperty: BooleanProperty [value: false]
15:15:29.557 [FXGL Background Thread 3 ] DEBUG Engine               - devShowPositionProperty: BooleanProperty [value: false]
15:15:29.557 [FXGL Background Thread 3 ] DEBUG Engine               - enabledMenuItems: []
15:15:29.557 [FXGL Background Thread 3 ] DEBUG Engine               - engineServices: [class com.almasb.fxgl.app.services.FXGLAssetLoaderService, class com.almasb.fxgl.app.FXGLApplication$GameApplicationService, class com.almasb.fxgl.app.services.FXGLDialogService, class com.almasb.fxgl.app.services.IOTaskExecutorService, class com.almasb.fxgl.io.FileSystemService, class com.almasb.fxgl.localization.LocalizationService, class com.almasb.fxgl.app.services.SystemBundleService, class com.almasb.fxgl.profile.SaveLoadService, class com.almasb.fxgl.ui.FXGLUIFactoryServiceProvider, class com.almasb.fxgl.ui.FXGLDialogFactoryServiceProvider, class com.almasb.fxgl.audio.AudioPlayer, class com.almasb.fxgl.notification.impl.NotificationServiceProvider, class com.almasb.fxgl.achievement.AchievementService, class com.almasb.fxgl.cutscene.CutsceneService, class com.almasb.fxgl.minigames.MiniGameService, class com.almasb.fxgl.net.NetService, class com.almasb.fxgl.app.services.UpdaterService, class com.almasb.fxgl.dev.DevService]
15:15:29.557 [FXGL Background Thread 3 ] DEBUG Engine               - fontGame: Abel-Regular.ttf
15:15:29.557 [FXGL Background Thread 3 ] DEBUG Engine               - fontMono: TerminalLandMono-Regular.otf
15:15:29.557 [FXGL Background Thread 3 ] DEBUG Engine               - fontSizeScaleUI: 1.0
15:15:29.557 [FXGL Background Thread 3 ] DEBUG Engine               - fontText: Courier-Prime.ttf
15:15:29.557 [FXGL Background Thread 3 ] DEBUG Engine               - fontUI: VarelaRound-Regular.ttf
15:15:29.557 [FXGL Background Thread 3 ] DEBUG Engine               - fullScreen: BooleanProperty [value: false]
15:15:29.557 [FXGL Background Thread 3 ] DEBUG Engine               - gameDifficulty: MEDIUM
15:15:29.557 [FXGL Background Thread 3 ] DEBUG Engine               - gameDifficultyProperty: ObjectProperty [value: MEDIUM]
15:15:29.557 [FXGL Background Thread 3 ] DEBUG Engine               - globalMusicVolume: 0.5
15:15:29.557 [FXGL Background Thread 3 ] DEBUG Engine               - globalMusicVolumeProperty: DoubleProperty [value: 0.5]
15:15:29.557 [FXGL Background Thread 3 ] DEBUG Engine               - globalSoundVolume: 0.5
15:15:29.557 [FXGL Background Thread 3 ] DEBUG Engine               - globalSoundVolumeProperty: DoubleProperty [value: 0.5]
15:15:29.557 [FXGL Background Thread 3 ] DEBUG Engine               - height: 1080
15:15:29.557 [FXGL Background Thread 3 ] DEBUG Engine               - is3D: false
15:15:29.557 [FXGL Background Thread 3 ] DEBUG Engine               - isAndroid: false
15:15:29.557 [FXGL Background Thread 3 ] DEBUG Engine               - isBrowser: false
15:15:29.557 [FXGL Background Thread 3 ] DEBUG Engine               - isClickFeedbackEnabled: false
15:15:29.557 [FXGL Background Thread 3 ] DEBUG Engine               - isCloseConfirmation: false
15:15:29.557 [FXGL Background Thread 3 ] DEBUG Engine               - isDesktop: true
15:15:29.557 [FXGL Background Thread 3 ] DEBUG Engine               - isDeveloperMenuEnabled: false
15:15:29.557 [FXGL Background Thread 3 ] DEBUG Engine               - isEmbedded: false
15:15:29.557 [FXGL Background Thread 3 ] DEBUG Engine               - isEntityPreloadEnabled: true
15:15:29.557 [FXGL Background Thread 3 ] DEBUG Engine               - isExperimentalTiledLargeMap: false
15:15:29.557 [FXGL Background Thread 3 ] DEBUG Engine               - isFileSystemWriteAllowed: true
15:15:29.557 [FXGL Background Thread 3 ] DEBUG Engine               - isFullScreenAllowed: false
15:15:29.557 [FXGL Background Thread 3 ] DEBUG Engine               - isFullScreenFromStart: false
15:15:29.557 [FXGL Background Thread 3 ] DEBUG Engine               - isGameMenuEnabled: true
15:15:29.557 [FXGL Background Thread 3 ] DEBUG Engine               - isIOS: false
15:15:29.557 [FXGL Background Thread 3 ] DEBUG Engine               - isIntroEnabled: false
15:15:29.557 [FXGL Background Thread 3 ] DEBUG Engine               - isLinux: false
15:15:29.557 [FXGL Background Thread 3 ] DEBUG Engine               - isMac: false
15:15:29.557 [FXGL Background Thread 3 ] DEBUG Engine               - isMainMenuEnabled: false
15:15:29.557 [FXGL Background Thread 3 ] DEBUG Engine               - isManualResizeEnabled: false
15:15:29.558 [FXGL Background Thread 3 ] DEBUG Engine               - isMobile: false
15:15:29.558 [FXGL Background Thread 3 ] DEBUG Engine               - isNative: false
15:15:29.558 [FXGL Background Thread 3 ] DEBUG Engine               - isPauseMusicWhenMinimized: true
15:15:29.558 [FXGL Background Thread 3 ] DEBUG Engine               - isPreserveResizeRatio: false
15:15:29.558 [FXGL Background Thread 3 ] DEBUG Engine               - isProfilingEnabled: false
15:15:29.558 [FXGL Background Thread 3 ] DEBUG Engine               - isScaleAffectedOnResize: true
15:15:29.558 [FXGL Background Thread 3 ] DEBUG Engine               - isSingleStep: false
15:15:29.558 [FXGL Background Thread 3 ] DEBUG Engine               - isUserProfileEnabled: false
15:15:29.558 [FXGL Background Thread 3 ] DEBUG Engine               - isWindows: true
15:15:29.558 [FXGL Background Thread 3 ] DEBUG Engine               - language: ObjectProperty [value: ENGLISH]
15:15:29.558 [FXGL Background Thread 3 ] DEBUG Engine               - menuKey: ESCAPE
15:15:29.558 [FXGL Background Thread 3 ] DEBUG Engine               - mouseSensitivity: 0.2
15:15:29.558 [FXGL Background Thread 3 ] DEBUG Engine               - notificationViewClass: class com.almasb.fxgl.notification.view.XboxNotificationView
15:15:29.558 [FXGL Background Thread 3 ] DEBUG Engine               - pixelsPerMeter: 50.0
15:15:29.558 [FXGL Background Thread 3 ] DEBUG Engine               - platform: WINDOWS
15:15:29.558 [FXGL Background Thread 3 ] DEBUG Engine               - prefHeightProperty: ReadOnlyDoubleProperty [value: 1080.0]
15:15:29.558 [FXGL Background Thread 3 ] DEBUG Engine               - prefWidthProperty: ReadOnlyDoubleProperty [value: 1920.0]
15:15:29.558 [FXGL Background Thread 3 ] DEBUG Engine               - profileDir: profiles/
15:15:29.558 [FXGL Background Thread 3 ] DEBUG Engine               - profileName: StringProperty [value: DEFAULT]
15:15:29.558 [FXGL Background Thread 3 ] DEBUG Engine               - randomSeed: -1
15:15:29.558 [FXGL Background Thread 3 ] DEBUG Engine               - runtimeInfo: RuntimeInfo(platform=WINDOWS, version=21.1, build=27.03.2024 07.52)
15:15:29.558 [FXGL Background Thread 3 ] DEBUG Engine               - saveFileExt: sav
15:15:29.558 [FXGL Background Thread 3 ] DEBUG Engine               - scaledHeightProp$fxgl: DoubleProperty [bound, value: 1041.0]
15:15:29.558 [FXGL Background Thread 3 ] DEBUG Engine               - scaledWidthProp$fxgl: DoubleProperty [bound, value: 1904.0]
15:15:29.558 [FXGL Background Thread 3 ] DEBUG Engine               - sceneFactory: com.almasb.fxgl.app.scene.SceneFactory@2a85cd4c
15:15:29.558 [FXGL Background Thread 3 ] DEBUG Engine               - secondsIn24h: 60
15:15:29.558 [FXGL Background Thread 3 ] DEBUG Engine               - soundMenuBack: menu/back.wav
15:15:29.558 [FXGL Background Thread 3 ] DEBUG Engine               - soundMenuPress: menu/press.wav
15:15:29.558 [FXGL Background Thread 3 ] DEBUG Engine               - soundMenuSelect: menu/select.wav
15:15:29.558 [FXGL Background Thread 3 ] DEBUG Engine               - soundNotification: core/notification.wav
15:15:29.558 [FXGL Background Thread 3 ] DEBUG Engine               - stageStyle: DECORATED
15:15:29.558 [FXGL Background Thread 3 ] DEBUG Engine               - supportedLanguages: [ENGLISH, FRENCH, GERMAN, HUNGARIAN, RUSSIAN]
15:15:29.558 [FXGL Background Thread 3 ] DEBUG Engine               - ticksPerSecond: -1
15:15:29.558 [FXGL Background Thread 3 ] DEBUG Engine               - title: GameByte
15:15:29.558 [FXGL Background Thread 3 ] DEBUG Engine               - urlGithub: https://github.com/AlmasB/FXGL
15:15:29.558 [FXGL Background Thread 3 ] DEBUG Engine               - urlLeaderboard: http://fxgl-top.herokuapp.com/
15:15:29.558 [FXGL Background Thread 3 ] DEBUG Engine               - urlPOM: https://raw.githubusercontent.com/AlmasB/FXGL/release/README.md
15:15:29.558 [FXGL Background Thread 3 ] DEBUG Engine               - userAppClass: class GameByteApp
15:15:29.558 [FXGL Background Thread 3 ] DEBUG Engine               - version: 0.0
15:15:29.558 [FXGL Background Thread 3 ] DEBUG Engine               - versionCheckDays: 7
15:15:29.558 [FXGL Background Thread 3 ] DEBUG Engine               - width: 1920
15:15:29.558 [FXGL Background Thread 3 ] DEBUG Engine               - Logging services
15:15:29.558 [FXGL Background Thread 3 ] DEBUG Engine               - class com.almasb.fxgl.app.services.FXGLAssetLoaderService
15:15:29.558 [FXGL Background Thread 3 ] DEBUG Engine               - class com.almasb.fxgl.app.FXGLApplication$GameApplicationService
15:15:29.558 [FXGL Background Thread 3 ] DEBUG Engine               - class com.almasb.fxgl.app.services.FXGLDialogService
15:15:29.558 [FXGL Background Thread 3 ] DEBUG Engine               - class com.almasb.fxgl.app.services.IOTaskExecutorService
15:15:29.558 [FXGL Background Thread 3 ] DEBUG Engine               - class com.almasb.fxgl.io.FileSystemService
15:15:29.558 [FXGL Background Thread 3 ] DEBUG Engine               - class com.almasb.fxgl.localization.LocalizationService
15:15:29.558 [FXGL Background Thread 3 ] DEBUG Engine               - class com.almasb.fxgl.app.services.SystemBundleService
15:15:29.558 [FXGL Background Thread 3 ] DEBUG Engine               - class com.almasb.fxgl.profile.SaveLoadService
15:15:29.558 [FXGL Background Thread 3 ] DEBUG Engine               - class com.almasb.fxgl.ui.FXGLUIFactoryServiceProvider
15:15:29.558 [FXGL Background Thread 3 ] DEBUG Engine               - class com.almasb.fxgl.ui.FXGLDialogFactoryServiceProvider
15:15:29.559 [FXGL Background Thread 3 ] DEBUG Engine               - class com.almasb.fxgl.audio.AudioPlayer
15:15:29.559 [FXGL Background Thread 3 ] DEBUG Engine               - class com.almasb.fxgl.notification.impl.NotificationServiceProvider
15:15:29.559 [FXGL Background Thread 3 ] DEBUG Engine               - class com.almasb.fxgl.achievement.AchievementService
15:15:29.559 [FXGL Background Thread 3 ] DEBUG Engine               - class com.almasb.fxgl.cutscene.CutsceneService
15:15:29.559 [FXGL Background Thread 3 ] DEBUG Engine               - class com.almasb.fxgl.minigames.MiniGameService
15:15:29.559 [FXGL Background Thread 3 ] DEBUG Engine               - class com.almasb.fxgl.net.NetService
15:15:29.559 [FXGL Background Thread 3 ] DEBUG Engine               - class com.almasb.fxgl.app.services.UpdaterService
15:15:29.559 [FXGL Background Thread 3 ] DEBUG Engine               - class com.almasb.fxgl.dev.DevService
15:15:51.406 [JavaFX Application Thread] DEBUG FXGLApplication      - Exiting FXGL
15:15:51.406 [JavaFX Application Thread] DEBUG LoopRunner           - Stopping loop
15:15:51.406 [JavaFX Application Thread] DEBUG SystemBundleService  - Saving FXGL system data
15:15:51.425 [JavaFX Application Thread] DEBUG FileSystemAccess     - Writing to: M:\GameByte Novel Compression Solution\system\fxgl.bundle
15:15:51.436 [JavaFX Application Thread] DEBUG Async                - Shutting down background threads
15:15:51.436 [JavaFX Application Thread] DEBUG PrimaryStageWindow   - Closing main window
15:15:51.445 [JavaFX Application Thread] DEBUG Logger               - Closing Logger
